
         /\      Grafana   /‾‾/  
    /\  /  \     |\  __   /  /   
   /  \/    \    | |/ /  /   ‾‾\ 
  /          \   |   (  |  (‾)  |
 / __________ \  |_|\_\  \_____/ 


     execution: local
        script: /scripts/scenarios.js
        output: -

     scenarios: (100.00%) 1 scenario, 512 max VUs, 2m30s max duration (incl. graceful stop):
              * saturation: 40.00 iterations/s for 2m0s (maxVUs: 128-512, gracefulStop: 30s)


running (0m01.0s), 009/128 VUs, 30 complete and 0 interrupted iterations
saturation   [   1% ] 009/128 VUs  0m01.0s/2m0s  40.00 iters/s

running (0m02.0s), 009/128 VUs, 70 complete and 0 interrupted iterations
saturation   [   2% ] 009/128 VUs  0m02.0s/2m0s  40.00 iters/s

running (0m03.0s), 009/128 VUs, 110 complete and 0 interrupted iterations
saturation   [   2% ] 009/128 VUs  0m03.0s/2m0s  40.00 iters/s

running (0m04.0s), 001/128 VUs, 158 complete and 0 interrupted iterations
saturation   [   3% ] 001/128 VUs  0m04.0s/2m0s  40.00 iters/s

running (0m05.0s), 001/128 VUs, 198 complete and 0 interrupted iterations
saturation   [   4% ] 001/128 VUs  0m05.0s/2m0s  40.00 iters/s

running (0m06.0s), 011/128 VUs, 228 complete and 0 interrupted iterations
saturation   [   5% ] 011/128 VUs  0m06.0s/2m0s  40.00 iters/s

running (0m07.0s), 031/128 VUs, 248 complete and 0 interrupted iterations
saturation   [   6% ] 031/128 VUs  0m07.0s/2m0s  40.00 iters/s

running (0m08.0s), 039/128 VUs, 280 complete and 0 interrupted iterations
saturation   [   7% ] 039/128 VUs  0m08.0s/2m0s  40.00 iters/s

running (0m09.0s), 039/128 VUs, 320 complete and 0 interrupted iterations
saturation   [   7% ] 039/128 VUs  0m09.0s/2m0s  40.00 iters/s

running (0m10.0s), 039/128 VUs, 360 complete and 0 interrupted iterations
saturation   [   8% ] 039/128 VUs  0m10.0s/2m0s  40.00 iters/s

running (0m11.0s), 039/128 VUs, 400 complete and 0 interrupted iterations
saturation   [   9% ] 039/128 VUs  0m11.0s/2m0s  40.00 iters/s

running (0m12.0s), 039/128 VUs, 440 complete and 0 interrupted iterations
saturation   [  10% ] 039/128 VUs  0m12.0s/2m0s  40.00 iters/s

running (0m13.0s), 039/128 VUs, 480 complete and 0 interrupted iterations
saturation   [  11% ] 039/128 VUs  0m13.0s/2m0s  40.00 iters/s

running (0m14.0s), 039/128 VUs, 520 complete and 0 interrupted iterations
saturation   [  12% ] 039/128 VUs  0m14.0s/2m0s  40.00 iters/s

running (0m15.0s), 039/128 VUs, 560 complete and 0 interrupted iterations
saturation   [  12% ] 039/128 VUs  0m15.0s/2m0s  40.00 iters/s

running (0m16.0s), 039/128 VUs, 600 complete and 0 interrupted iterations
saturation   [  13% ] 039/128 VUs  0m16.0s/2m0s  40.00 iters/s

running (0m17.0s), 039/128 VUs, 640 complete and 0 interrupted iterations
saturation   [  14% ] 039/128 VUs  0m17.0s/2m0s  40.00 iters/s

running (0m18.0s), 039/128 VUs, 680 complete and 0 interrupted iterations
saturation   [  15% ] 039/128 VUs  0m18.0s/2m0s  40.00 iters/s

running (0m19.0s), 039/128 VUs, 720 complete and 0 interrupted iterations
saturation   [  16% ] 039/128 VUs  0m19.0s/2m0s  40.00 iters/s

running (0m20.0s), 048/128 VUs, 751 complete and 0 interrupted iterations
saturation   [  17% ] 048/128 VUs  0m20.0s/2m0s  40.00 iters/s

running (0m21.0s), 049/128 VUs, 790 complete and 0 interrupted iterations
saturation   [  17% ] 049/128 VUs  0m21.0s/2m0s  40.00 iters/s

running (0m22.0s), 049/128 VUs, 830 complete and 0 interrupted iterations
saturation   [  18% ] 049/128 VUs  0m22.0s/2m0s  40.00 iters/s

running (0m23.0s), 041/128 VUs, 878 complete and 0 interrupted iterations
saturation   [  19% ] 041/128 VUs  0m23.0s/2m0s  40.00 iters/s

running (0m24.0s), 041/128 VUs, 918 complete and 0 interrupted iterations
saturation   [  20% ] 041/128 VUs  0m24.0s/2m0s  40.00 iters/s

running (0m25.0s), 049/128 VUs, 950 complete and 0 interrupted iterations
saturation   [  21% ] 049/128 VUs  0m25.0s/2m0s  40.00 iters/s

running (0m26.0s), 049/128 VUs, 990 complete and 0 interrupted iterations
saturation   [  22% ] 049/128 VUs  0m26.0s/2m0s  40.00 iters/s

running (0m27.0s), 049/128 VUs, 1030 complete and 0 interrupted iterations
saturation   [  22% ] 049/128 VUs  0m27.0s/2m0s  40.00 iters/s

running (0m28.0s), 049/128 VUs, 1070 complete and 0 interrupted iterations
saturation   [  23% ] 049/128 VUs  0m28.0s/2m0s  40.00 iters/s

running (0m29.0s), 060/128 VUs, 1099 complete and 0 interrupted iterations
saturation   [  24% ] 060/128 VUs  0m29.0s/2m0s  40.00 iters/s

running (0m30.0s), 075/128 VUs, 1124 complete and 0 interrupted iterations
saturation   [  25% ] 075/128 VUs  0m30.0s/2m0s  40.00 iters/s

running (0m31.0s), 078/128 VUs, 1161 complete and 0 interrupted iterations
saturation   [  26% ] 078/128 VUs  0m31.0s/2m0s  40.00 iters/s

running (0m32.0s), 079/128 VUs, 1200 complete and 0 interrupted iterations
saturation   [  27% ] 079/128 VUs  0m32.0s/2m0s  40.00 iters/s

running (0m33.0s), 079/128 VUs, 1240 complete and 0 interrupted iterations
saturation   [  27% ] 079/128 VUs  0m33.0s/2m0s  40.00 iters/s

running (0m34.0s), 078/128 VUs, 1281 complete and 0 interrupted iterations
saturation   [  28% ] 078/128 VUs  0m34.0s/2m0s  40.00 iters/s

running (0m35.0s), 079/128 VUs, 1320 complete and 0 interrupted iterations
saturation   [  29% ] 079/128 VUs  0m35.0s/2m0s  40.00 iters/s

running (0m36.0s), 079/128 VUs, 1360 complete and 0 interrupted iterations
saturation   [  30% ] 079/128 VUs  0m36.0s/2m0s  40.00 iters/s

running (0m37.0s), 077/128 VUs, 1402 complete and 0 interrupted iterations
saturation   [  31% ] 077/128 VUs  0m37.0s/2m0s  40.00 iters/s

running (0m38.0s), 079/128 VUs, 1440 complete and 0 interrupted iterations
saturation   [  32% ] 079/128 VUs  0m38.0s/2m0s  40.00 iters/s

running (0m39.0s), 079/128 VUs, 1480 complete and 0 interrupted iterations
saturation   [  32% ] 079/128 VUs  0m39.0s/2m0s  40.00 iters/s

running (0m40.0s), 081/128 VUs, 1518 complete and 0 interrupted iterations
saturation   [  33% ] 081/128 VUs  0m40.0s/2m0s  40.00 iters/s

running (0m41.0s), 096/128 VUs, 1543 complete and 0 interrupted iterations
saturation   [  34% ] 096/128 VUs  0m41.0s/2m0s  40.00 iters/s

running (0m42.0s), 115/128 VUs, 1564 complete and 0 interrupted iterations
saturation   [  35% ] 115/128 VUs  0m42.0s/2m0s  40.00 iters/s

running (0m43.0s), 117/128 VUs, 1602 complete and 0 interrupted iterations
saturation   [  36% ] 117/128 VUs  0m43.0s/2m0s  40.00 iters/s

running (0m44.0s), 117/128 VUs, 1642 complete and 0 interrupted iterations
saturation   [  37% ] 117/128 VUs  0m44.0s/2m0s  40.00 iters/s

running (0m45.0s), 117/128 VUs, 1682 complete and 0 interrupted iterations
saturation   [  37% ] 117/128 VUs  0m45.0s/2m0s  40.00 iters/s

running (0m46.0s), 117/128 VUs, 1722 complete and 0 interrupted iterations
saturation   [  38% ] 117/128 VUs  0m46.0s/2m0s  40.00 iters/s

running (0m47.0s), 117/128 VUs, 1762 complete and 0 interrupted iterations
saturation   [  39% ] 117/128 VUs  0m47.0s/2m0s  40.00 iters/s

running (0m48.0s), 115/128 VUs, 1804 complete and 0 interrupted iterations
saturation   [  40% ] 115/128 VUs  0m48.0s/2m0s  40.00 iters/s

running (0m49.0s), 117/128 VUs, 1842 complete and 0 interrupted iterations
saturation   [  41% ] 117/128 VUs  0m49.0s/2m0s  40.00 iters/s

running (0m50.0s), 117/128 VUs, 1882 complete and 0 interrupted iterations
saturation   [  42% ] 117/128 VUs  0m50.0s/2m0s  40.00 iters/s

running (0m51.0s), 117/128 VUs, 1922 complete and 0 interrupted iterations
saturation   [  42% ] 117/128 VUs  0m51.0s/2m0s  40.00 iters/s

running (0m52.0s), 117/128 VUs, 1962 complete and 0 interrupted iterations
saturation   [  43% ] 117/128 VUs  0m52.0s/2m0s  40.00 iters/s

running (0m53.0s), 117/128 VUs, 2002 complete and 0 interrupted iterations
saturation   [  44% ] 117/128 VUs  0m53.0s/2m0s  40.00 iters/s

running (0m54.0s), 115/128 VUs, 2044 complete and 0 interrupted iterations
saturation   [  45% ] 115/128 VUs  0m54.0s/2m0s  40.00 iters/s

running (0m55.0s), 117/128 VUs, 2082 complete and 0 interrupted iterations
saturation   [  46% ] 117/128 VUs  0m55.0s/2m0s  40.00 iters/s

running (0m56.0s), 117/128 VUs, 2122 complete and 0 interrupted iterations
saturation   [  47% ] 117/128 VUs  0m56.0s/2m0s  40.00 iters/s

running (0m57.0s), 117/128 VUs, 2162 complete and 0 interrupted iterations
saturation   [  47% ] 117/128 VUs  0m57.0s/2m0s  40.00 iters/s

running (0m58.0s), 117/128 VUs, 2202 complete and 0 interrupted iterations
saturation   [  48% ] 117/128 VUs  0m58.0s/2m0s  40.00 iters/s

running (0m59.0s), 117/128 VUs, 2242 complete and 0 interrupted iterations
saturation   [  49% ] 117/128 VUs  0m59.0s/2m0s  40.00 iters/s

running (1m00.0s), 117/128 VUs, 2282 complete and 0 interrupted iterations
saturation   [  50% ] 117/128 VUs  1m00.0s/2m0s  40.00 iters/s

running (1m01.0s), 117/128 VUs, 2322 complete and 0 interrupted iterations
saturation   [  51% ] 117/128 VUs  1m01.0s/2m0s  40.00 iters/s

running (1m02.0s), 117/128 VUs, 2362 complete and 0 interrupted iterations
saturation   [  52% ] 117/128 VUs  1m02.0s/2m0s  40.00 iters/s

running (1m03.0s), 117/128 VUs, 2402 complete and 0 interrupted iterations
saturation   [  52% ] 117/128 VUs  1m03.0s/2m0s  40.00 iters/s

running (1m04.0s), 117/128 VUs, 2442 complete and 0 interrupted iterations
saturation   [  53% ] 117/128 VUs  1m04.0s/2m0s  40.00 iters/s

running (1m05.0s), 116/128 VUs, 2483 complete and 0 interrupted iterations
saturation   [  54% ] 116/128 VUs  1m05.0s/2m0s  40.00 iters/s

running (1m06.0s), 117/128 VUs, 2522 complete and 0 interrupted iterations
saturation   [  55% ] 117/128 VUs  1m06.0s/2m0s  40.00 iters/s

running (1m07.0s), 117/128 VUs, 2562 complete and 0 interrupted iterations
saturation   [  56% ] 117/128 VUs  1m07.0s/2m0s  40.00 iters/s

running (1m08.0s), 116/128 VUs, 2603 complete and 0 interrupted iterations
saturation   [  57% ] 116/128 VUs  1m08.0s/2m0s  40.00 iters/s

running (1m09.0s), 117/128 VUs, 2642 complete and 0 interrupted iterations
saturation   [  57% ] 117/128 VUs  1m09.0s/2m0s  40.00 iters/s

running (1m10.0s), 117/128 VUs, 2682 complete and 0 interrupted iterations
saturation   [  58% ] 117/128 VUs  1m10.0s/2m0s  40.00 iters/s

running (1m11.0s), 117/128 VUs, 2722 complete and 0 interrupted iterations
saturation   [  59% ] 117/128 VUs  1m11.0s/2m0s  40.00 iters/s

running (1m12.0s), 117/128 VUs, 2762 complete and 0 interrupted iterations
saturation   [  60% ] 117/128 VUs  1m12.0s/2m0s  40.00 iters/s

running (1m13.0s), 117/128 VUs, 2802 complete and 0 interrupted iterations
saturation   [  61% ] 117/128 VUs  1m13.0s/2m0s  40.00 iters/s

running (1m14.0s), 117/128 VUs, 2842 complete and 0 interrupted iterations
saturation   [  62% ] 117/128 VUs  1m14.0s/2m0s  40.00 iters/s

running (1m15.0s), 117/128 VUs, 2882 complete and 0 interrupted iterations
saturation   [  62% ] 117/128 VUs  1m15.0s/2m0s  40.00 iters/s

running (1m16.0s), 117/128 VUs, 2922 complete and 0 interrupted iterations
saturation   [  63% ] 117/128 VUs  1m16.0s/2m0s  40.00 iters/s

running (1m17.0s), 117/128 VUs, 2962 complete and 0 interrupted iterations
saturation   [  64% ] 117/128 VUs  1m17.0s/2m0s  40.00 iters/s

running (1m18.0s), 117/128 VUs, 3002 complete and 0 interrupted iterations
saturation   [  65% ] 117/128 VUs  1m18.0s/2m0s  40.00 iters/s

running (1m19.0s), 116/128 VUs, 3043 complete and 0 interrupted iterations
saturation   [  66% ] 116/128 VUs  1m19.0s/2m0s  40.00 iters/s

running (1m20.0s), 117/128 VUs, 3082 complete and 0 interrupted iterations
saturation   [  67% ] 117/128 VUs  1m20.0s/2m0s  40.00 iters/s

running (1m21.0s), 117/128 VUs, 3122 complete and 0 interrupted iterations
saturation   [  67% ] 117/128 VUs  1m21.0s/2m0s  40.00 iters/s

running (1m22.0s), 117/128 VUs, 3162 complete and 0 interrupted iterations
saturation   [  68% ] 117/128 VUs  1m22.0s/2m0s  40.00 iters/s

running (1m23.0s), 117/128 VUs, 3202 complete and 0 interrupted iterations
saturation   [  69% ] 117/128 VUs  1m23.0s/2m0s  40.00 iters/s

running (1m24.0s), 117/128 VUs, 3242 complete and 0 interrupted iterations
saturation   [  70% ] 117/128 VUs  1m24.0s/2m0s  40.00 iters/s

running (1m25.0s), 116/128 VUs, 3283 complete and 0 interrupted iterations
saturation   [  71% ] 116/128 VUs  1m25.0s/2m0s  40.00 iters/s

running (1m26.0s), 117/128 VUs, 3322 complete and 0 interrupted iterations
saturation   [  72% ] 117/128 VUs  1m26.0s/2m0s  40.00 iters/s

running (1m27.0s), 117/128 VUs, 3362 complete and 0 interrupted iterations
saturation   [  72% ] 117/128 VUs  1m27.0s/2m0s  40.00 iters/s

running (1m28.0s), 116/128 VUs, 3403 complete and 0 interrupted iterations
saturation   [  73% ] 116/128 VUs  1m28.0s/2m0s  40.00 iters/s

running (1m29.0s), 117/128 VUs, 3442 complete and 0 interrupted iterations
saturation   [  74% ] 117/128 VUs  1m29.0s/2m0s  40.00 iters/s

running (1m30.0s), 117/128 VUs, 3482 complete and 0 interrupted iterations
saturation   [  75% ] 117/128 VUs  1m30.0s/2m0s  40.00 iters/s

running (1m31.0s), 116/128 VUs, 3523 complete and 0 interrupted iterations
saturation   [  76% ] 116/128 VUs  1m31.0s/2m0s  40.00 iters/s

running (1m32.0s), 117/128 VUs, 3562 complete and 0 interrupted iterations
saturation   [  77% ] 117/128 VUs  1m32.0s/2m0s  40.00 iters/s

running (1m33.0s), 117/128 VUs, 3602 complete and 0 interrupted iterations
saturation   [  77% ] 117/128 VUs  1m33.0s/2m0s  40.00 iters/s

running (1m34.0s), 117/128 VUs, 3642 complete and 0 interrupted iterations
saturation   [  78% ] 117/128 VUs  1m34.0s/2m0s  40.00 iters/s

running (1m35.0s), 117/128 VUs, 3682 complete and 0 interrupted iterations
saturation   [  79% ] 117/128 VUs  1m35.0s/2m0s  40.00 iters/s

running (1m36.0s), 117/128 VUs, 3722 complete and 0 interrupted iterations
saturation   [  80% ] 117/128 VUs  1m36.0s/2m0s  40.00 iters/s

running (1m37.0s), 117/128 VUs, 3762 complete and 0 interrupted iterations
saturation   [  81% ] 117/128 VUs  1m37.0s/2m0s  40.00 iters/s

running (1m38.0s), 117/128 VUs, 3802 complete and 0 interrupted iterations
saturation   [  82% ] 117/128 VUs  1m38.0s/2m0s  40.00 iters/s

running (1m39.0s), 115/128 VUs, 3844 complete and 0 interrupted iterations
saturation   [  82% ] 115/128 VUs  1m39.0s/2m0s  40.00 iters/s

running (1m40.0s), 117/128 VUs, 3882 complete and 0 interrupted iterations
saturation   [  83% ] 117/128 VUs  1m40.0s/2m0s  40.00 iters/s

running (1m41.0s), 117/128 VUs, 3922 complete and 0 interrupted iterations
saturation   [  84% ] 117/128 VUs  1m41.0s/2m0s  40.00 iters/s

running (1m42.0s), 113/128 VUs, 3966 complete and 0 interrupted iterations
saturation   [  85% ] 113/128 VUs  1m42.0s/2m0s  40.00 iters/s

running (1m43.0s), 117/128 VUs, 4002 complete and 0 interrupted iterations
saturation   [  86% ] 117/128 VUs  1m43.0s/2m0s  40.00 iters/s

running (1m44.0s), 117/128 VUs, 4042 complete and 0 interrupted iterations
saturation   [  87% ] 117/128 VUs  1m44.0s/2m0s  40.00 iters/s

running (1m45.0s), 115/128 VUs, 4084 complete and 0 interrupted iterations
saturation   [  87% ] 115/128 VUs  1m45.0s/2m0s  40.00 iters/s

running (1m46.0s), 117/128 VUs, 4122 complete and 0 interrupted iterations
saturation   [  88% ] 117/128 VUs  1m46.0s/2m0s  40.00 iters/s

running (1m47.0s), 117/128 VUs, 4162 complete and 0 interrupted iterations
saturation   [  89% ] 117/128 VUs  1m47.0s/2m0s  40.00 iters/s

running (1m48.0s), 117/128 VUs, 4202 complete and 0 interrupted iterations
saturation   [  90% ] 117/128 VUs  1m48.0s/2m0s  40.00 iters/s

running (1m49.0s), 117/128 VUs, 4242 complete and 0 interrupted iterations
saturation   [  91% ] 117/128 VUs  1m49.0s/2m0s  40.00 iters/s

running (1m50.0s), 117/128 VUs, 4282 complete and 0 interrupted iterations
saturation   [  92% ] 117/128 VUs  1m50.0s/2m0s  40.00 iters/s

running (1m51.0s), 117/128 VUs, 4322 complete and 0 interrupted iterations
saturation   [  92% ] 117/128 VUs  1m51.0s/2m0s  40.00 iters/s

running (1m52.0s), 117/128 VUs, 4362 complete and 0 interrupted iterations
saturation   [  93% ] 117/128 VUs  1m52.0s/2m0s  40.00 iters/s

running (1m53.0s), 117/128 VUs, 4402 complete and 0 interrupted iterations
saturation   [  94% ] 117/128 VUs  1m53.0s/2m0s  40.00 iters/s

running (1m54.0s), 117/128 VUs, 4442 complete and 0 interrupted iterations
saturation   [  95% ] 117/128 VUs  1m54.0s/2m0s  40.00 iters/s

running (1m55.0s), 117/128 VUs, 4482 complete and 0 interrupted iterations
saturation   [  96% ] 117/128 VUs  1m55.0s/2m0s  40.00 iters/s

running (1m56.0s), 117/128 VUs, 4522 complete and 0 interrupted iterations
saturation   [  97% ] 117/128 VUs  1m56.0s/2m0s  40.00 iters/s

running (1m57.0s), 117/128 VUs, 4562 complete and 0 interrupted iterations
saturation   [  97% ] 117/128 VUs  1m57.0s/2m0s  40.00 iters/s

running (1m58.0s), 117/128 VUs, 4602 complete and 0 interrupted iterations
saturation   [  98% ] 117/128 VUs  1m58.0s/2m0s  40.00 iters/s

running (1m59.0s), 115/128 VUs, 4644 complete and 0 interrupted iterations
saturation   [  99% ] 115/128 VUs  1m59.0s/2m0s  40.00 iters/s

running (2m00.0s), 117/128 VUs, 4682 complete and 0 interrupted iterations
saturation   [ 100% ] 117/128 VUs  2m00.0s/2m0s  40.00 iters/s

running (2m01.0s), 117/128 VUs, 4684 complete and 0 interrupted iterations
saturation ↓ [ 100% ] 117/128 VUs  2m0s  40.00 iters/s

running (2m02.0s), 111/128 VUs, 4690 complete and 0 interrupted iterations
saturation ↓ [ 100% ] 117/128 VUs  2m0s  40.00 iters/s

running (2m03.0s), 109/128 VUs, 4692 complete and 0 interrupted iterations
saturation ↓ [ 100% ] 117/128 VUs  2m0s  40.00 iters/s

running (2m04.0s), 109/128 VUs, 4692 complete and 0 interrupted iterations
saturation ↓ [ 100% ] 117/128 VUs  2m0s  40.00 iters/s

running (2m05.0s), 101/128 VUs, 4700 complete and 0 interrupted iterations
saturation ↓ [ 100% ] 117/128 VUs  2m0s  40.00 iters/s

running (2m06.0s), 101/128 VUs, 4700 complete and 0 interrupted iterations
saturation ↓ [ 100% ] 117/128 VUs  2m0s  40.00 iters/s

running (2m07.0s), 101/128 VUs, 4700 complete and 0 interrupted iterations
saturation ↓ [ 100% ] 117/128 VUs  2m0s  40.00 iters/s

running (2m08.0s), 093/128 VUs, 4708 complete and 0 interrupted iterations
saturation ↓ [ 100% ] 117/128 VUs  2m0s  40.00 iters/s

running (2m09.0s), 093/128 VUs, 4708 complete and 0 interrupted iterations
saturation ↓ [ 100% ] 117/128 VUs  2m0s  40.00 iters/s

running (2m10.0s), 093/128 VUs, 4708 complete and 0 interrupted iterations
saturation ↓ [ 100% ] 117/128 VUs  2m0s  40.00 iters/s

running (2m11.0s), 085/128 VUs, 4716 complete and 0 interrupted iterations
saturation ↓ [ 100% ] 117/128 VUs  2m0s  40.00 iters/s

running (2m12.0s), 085/128 VUs, 4716 complete and 0 interrupted iterations
saturation ↓ [ 100% ] 117/128 VUs  2m0s  40.00 iters/s

running (2m13.0s), 085/128 VUs, 4716 complete and 0 interrupted iterations
saturation ↓ [ 100% ] 117/128 VUs  2m0s  40.00 iters/s

running (2m14.0s), 077/128 VUs, 4724 complete and 0 interrupted iterations
saturation ↓ [ 100% ] 117/128 VUs  2m0s  40.00 iters/s

running (2m15.0s), 077/128 VUs, 4724 complete and 0 interrupted iterations
saturation ↓ [ 100% ] 117/128 VUs  2m0s  40.00 iters/s

running (2m16.0s), 076/128 VUs, 4725 complete and 0 interrupted iterations
saturation ↓ [ 100% ] 117/128 VUs  2m0s  40.00 iters/s

running (2m17.0s), 069/128 VUs, 4732 complete and 0 interrupted iterations
saturation ↓ [ 100% ] 117/128 VUs  2m0s  40.00 iters/s

running (2m18.0s), 069/128 VUs, 4732 complete and 0 interrupted iterations
saturation ↓ [ 100% ] 117/128 VUs  2m0s  40.00 iters/s

running (2m19.0s), 067/128 VUs, 4734 complete and 0 interrupted iterations
saturation ↓ [ 100% ] 117/128 VUs  2m0s  40.00 iters/s

running (2m20.0s), 061/128 VUs, 4740 complete and 0 interrupted iterations
saturation ↓ [ 100% ] 117/128 VUs  2m0s  40.00 iters/s

running (2m21.0s), 061/128 VUs, 4740 complete and 0 interrupted iterations
saturation ↓ [ 100% ] 117/128 VUs  2m0s  40.00 iters/s

running (2m22.0s), 057/128 VUs, 4744 complete and 0 interrupted iterations
saturation ↓ [ 100% ] 117/128 VUs  2m0s  40.00 iters/s

running (2m23.0s), 053/128 VUs, 4748 complete and 0 interrupted iterations
saturation ↓ [ 100% ] 117/128 VUs  2m0s  40.00 iters/s

running (2m24.0s), 053/128 VUs, 4748 complete and 0 interrupted iterations
saturation ↓ [ 100% ] 117/128 VUs  2m0s  40.00 iters/s

running (2m25.0s), 047/128 VUs, 4754 complete and 0 interrupted iterations
saturation ↓ [ 100% ] 117/128 VUs  2m0s  40.00 iters/s

running (2m26.0s), 045/128 VUs, 4756 complete and 0 interrupted iterations
saturation ↓ [ 100% ] 117/128 VUs  2m0s  40.00 iters/s

running (2m27.0s), 045/128 VUs, 4756 complete and 0 interrupted iterations
saturation ↓ [ 100% ] 117/128 VUs  2m0s  40.00 iters/s

running (2m28.0s), 037/128 VUs, 4764 complete and 0 interrupted iterations
saturation ↓ [ 100% ] 117/128 VUs  2m0s  40.00 iters/s

running (2m29.0s), 037/128 VUs, 4764 complete and 0 interrupted iterations
saturation ↓ [ 100% ] 117/128 VUs  2m0s  40.00 iters/s

running (2m30.0s), 037/128 VUs, 4764 complete and 0 interrupted iterations
saturation ↓ [ 100% ] 117/128 VUs  2m0s  40.00 iters/s
FORGE_K6_SUMMARY_JSON {"state":{"isStdOutTTY":false,"isStdErrTTY":false,"testRunDurationMs":150002.102022},"metrics":{"forge_http_503":{"type":"counter","contains":"default","values":{"count":538,"rate":3.586616405689398}},"http_req_waiting":{"type":"trend","contains":"time","values":{"avg":2532.166898628464,"min":0.083371,"med":0.1374875,"max":47934.543564,"p(90)":0.23592669999999968,"p(95)":30830.370600599992}},"http_req_failed":{"type":"rate","contains":"default","values":{"rate":0.9141477749790092,"passes":4355,"fails":409}},"forge_http_200":{"contains":"default","values":{"count":409,"rate":2.7266284571133155},"type":"counter"},"http_req_tls_handshaking":{"contains":"time","values":{"avg":0,"min":0,"med":0,"max":0,"p(90)":0,"p(95)":0},"type":"trend"},"http_req_connecting":{"type":"trend","contains":"time","values":{"p(90)":0.1010028,"p(95)":0.10959594999999996,"avg":0.09276482115869013,"min":0.060624,"med":0.08263200000000001,"max":30.098992}},"http_reqs":{"type":"counter","contains":"default","values":{"count":4764,"rate":31.759554938112064}},"http_req_duration":{"type":"trend","contains":"time","values":{"p(95)":30830.677494999993,"avg":2532.298776854958,"min":0.1687,"med":0.248133,"max":47934.914847,"p(90)":0.3789779999999998}},"http_req_duration{expected_response:true}":{"values":{"med":34242.068056,"max":47934.914847,"p(90)":45388.5208148,"p(95)":45610.1944708,"avg":29492.97812984842,"min":2816.884906},"type":"trend","contains":"time"},"vus":{"type":"gauge","contains":"default","values":{"max":118,"value":37,"min":1}},"http_req_receiving":{"type":"trend","contains":"time","values":{"p(90)":0.08408979999999999,"p(95)":0.27276764999999964,"avg":0.06570135453400486,"min":0.018836,"med":0.0442085,"max":0.604843}},"data_sent":{"type":"counter","contains":"data","values":{"count":21009176,"rate":140059.21061638655}},"iterations":{"values":{"count":4764,"rate":31.759554938112064},"type":"counter","contains":"default"},"forge_retry_after_429":{"contains":"default","values":{"count":3799,"rate":25.326311756903387},"type":"counter"},"checks":{"values":{"fails":18,"rate":0.9981108312342569,"passes":9510},"thresholds":{"rate>0.90":{"ok":true}},"type":"rate","contains":"default"},"data_received":{"type":"counter","contains":"data","values":{"count":1601217,"rate":10674.630411280225}},"iteration_duration":{"type":"trend","contains":"time","values":{"avg":2542.677266513855,"min":10.424893,"med":10.588821,"max":47945.304768,"p(90)":11.0141796,"p(95)":30841.238343399993}},"forge_request_latency":{"type":"trend","contains":"time","values":{"p(90)":0.3789779999999998,"p(95)":30830.677494999993,"avg":2532.298776854958,"min":0.1687,"med":0.248133,"max":47934.914847}},"vus_max":{"type":"gauge","contains":"default","values":{"value":128,"min":128,"max":128}},"http_req_blocked":{"type":"trend","contains":"time","values":{"max":30.14643,"p(90)":0.1354893,"p(95)":0.1468788,"avg":0.12213063035264482,"min":0.081149,"med":0.1109185}},"forge_http_429":{"type":"counter","contains":"default","values":{"count":3799,"rate":25.326311756903387}},"http_req_sending":{"type":"trend","contains":"time","values":{"med":0.064643,"max":0.299506,"p(90)":0.0803517,"p(95)":0.08863874999999999,"avg":0.06617687195633934,"min":0.039175}}},"root_group":{"name":"","path":"","id":"d41d8cd98f00b204e9800998ecf8427e","groups":[],"checks":[{"name":"expected HTTP contract","path":"::expected HTTP contract","id":"24ec5da88e98a9a8483bb70d0d6c1b72","passes":4746,"fails":18},{"name":"429 includes Retry-After","path":"::429 includes Retry-After","id":"e34e0b7e49750e1cb66b23f41a467c1b","passes":4764,"fails":0}]},"options":{"summaryTimeUnit":"","noColor":false,"summaryTrendStats":["avg","min","med","max","p(90)","p(95)"]}}

running (2m30.0s), 000/128 VUs, 4764 complete and 37 interrupted iterations
saturation ✓ [ 100% ] 037/128 VUs  2m0s  40.00 iters/s
