
         /\      Grafana   /‾‾/  
    /\  /  \     |\  __   /  /   
   /  \/    \    | |/ /  /   ‾‾\ 
  /          \   |   (  |  (‾)  |
 / __________ \  |_|\_\  \_____/ 


     execution: local
        script: /scripts/scenarios.js
        output: -

     scenarios: (100.00%) 1 scenario, 64 max VUs, 35s max duration (incl. graceful stop):
              * fault: 1.00 iterations/s for 5s (maxVUs: 16-64, gracefulStop: 30s)


running (01.0s), 00/16 VUs, 1 complete and 0 interrupted iterations
fault   [  20% ] 00/16 VUs  1.0s/5s  1.00 iters/s

running (02.0s), 00/16 VUs, 2 complete and 0 interrupted iterations
fault   [  40% ] 00/16 VUs  2.0s/5s  1.00 iters/s

running (03.0s), 00/16 VUs, 3 complete and 0 interrupted iterations
fault   [  60% ] 00/16 VUs  3.0s/5s  1.00 iters/s

running (04.0s), 00/16 VUs, 4 complete and 0 interrupted iterations
fault   [  80% ] 00/16 VUs  4.0s/5s  1.00 iters/s

running (05.0s), 00/16 VUs, 5 complete and 0 interrupted iterations
fault   [ 100% ] 00/16 VUs  5.0s/5s  1.00 iters/s
FORGE_K6_SUMMARY_JSON {"state":{"isStdOutTTY":false,"isStdErrTTY":false,"testRunDurationMs":5011.646524},"metrics":{"vus":{"type":"gauge","contains":"default","values":{"value":0,"min":0,"max":0}},"http_reqs":{"type":"counter","contains":"default","values":{"count":6,"rate":1.1972113299026435}},"forge_request_latency":{"values":{"min":0.190984,"med":0.2101665,"max":0.265571,"p(90)":0.257362,"p(95)":0.2614665,"avg":0.2201415},"type":"trend","contains":"time"},"data_received":{"type":"counter","contains":"data","values":{"count":1662,"rate":331.62753838303223}},"http_req_tls_handshaking":{"values":{"p(95)":0,"avg":0,"min":0,"med":0,"max":0,"p(90)":0},"type":"trend","contains":"time"},"iteration_duration":{"type":"trend","contains":"time","values":{"avg":10.895097666666667,"min":10.661588,"med":10.713295,"max":11.866822,"p(90)":11.3040455,"p(95)":11.58543375}},"http_req_blocked":{"type":"trend","contains":"time","values":{"p(90)":0.7044205000000001,"p(95)":0.9762057500000001,"avg":0.33725266666666665,"min":0.146811,"med":0.1598185,"max":1.247991}},"http_req_connecting":{"values":{"p(90)":0.1339645,"p(95)":0.14460675,"avg":0.11391633333333333,"min":0.097912,"med":0.10753750000000001,"max":0.155249},"type":"trend","contains":"time"},"http_req_failed":{"type":"rate","contains":"default","values":{"rate":1,"passes":6,"fails":0}},"http_req_duration":{"type":"trend","contains":"time","values":{"med":0.2101665,"max":0.265571,"p(90)":0.257362,"p(95)":0.2614665,"avg":0.2201415,"min":0.190984}},"forge_http_503":{"type":"counter","contains":"default","values":{"count":6,"rate":1.1972113299026435}},"http_req_sending":{"contains":"time","values":{"max":0.051287,"p(90)":0.0478875,"p(95)":0.04958725,"avg":0.04342883333333333,"min":0.039074,"med":0.0429035},"type":"trend"},"http_req_waiting":{"type":"trend","contains":"time","values":{"p(90)":0.1302555,"p(95)":0.13371775,"avg":0.11695499999999999,"min":0.106878,"med":0.1136305,"max":0.13718}},"iterations":{"type":"counter","contains":"default","values":{"count":6,"rate":1.1972113299026435}},"checks":{"type":"rate","contains":"default","values":{"rate":1,"passes":12,"fails":0},"thresholds":{"rate>0.90":{"ok":true}}},"http_req_receiving":{"values":{"p(95)":0.08466625,"avg":0.05975766666666668,"min":0.045032,"med":0.0520575,"max":0.087187,"p(90)":0.08214550000000001},"type":"trend","contains":"time"},"vus_max":{"type":"gauge","contains":"default","values":{"max":16,"value":16,"min":16}},"data_sent":{"type":"counter","contains":"data","values":{"count":2364,"rate":471.70126398164155}}},"root_group":{"checks":[{"name":"expected HTTP contract","path":"::expected HTTP contract","id":"24ec5da88e98a9a8483bb70d0d6c1b72","passes":6,"fails":0},{"id":"e34e0b7e49750e1cb66b23f41a467c1b","passes":6,"fails":0,"name":"429 includes Retry-After","path":"::429 includes Retry-After"}],"name":"","path":"","id":"d41d8cd98f00b204e9800998ecf8427e","groups":[]},"options":{"noColor":false,"summaryTrendStats":["avg","min","med","max","p(90)","p(95)"],"summaryTimeUnit":""}}

running (05.0s), 00/16 VUs, 6 complete and 0 interrupted iterations
fault ✓ [ 100% ] 00/16 VUs  5s  1.00 iters/s
