Failed to reset failed state of unit nvidia-fabricmanager.service: Unit nvidia-fabricmanager.service not loaded.
Hit:1 http://mirrors.cloud.aliyuncs.com/ubuntu jammy InRelease
Hit:2 http://mirrors.cloud.aliyuncs.com/ubuntu jammy-updates InRelease
Hit:3 http://mirrors.cloud.aliyuncs.com/ubuntu jammy-backports InRelease
Hit:4 http://mirrors.cloud.aliyuncs.com/ubuntu jammy-security InRelease
Ign:5 http://mirrors.cloud.aliyuncs.com/alinux/aiext/0.5/ubuntu-22.04/x86_64  InRelease
Hit:6 http://mirrors.cloud.aliyuncs.com/docker-ce/linux/ubuntu jammy InRelease
Hit:7 http://mirrors.cloud.aliyuncs.com/libnvidia-container/stable/deb/amd64  InRelease
Hit:8 http://mirrors.cloud.aliyuncs.com/alinux/aiext/0.5/ubuntu-22.04/x86_64  Release
Hit:9 https://aiext.mirrors.aliyuncs.com/0.5/ubuntu-22.04/x86_64  InRelease
Ign:10 http://mirrors.cloud.aliyuncs.com/alinux/aiext/0.5/ubuntu-22.04/x86_64  Release.gpg
Reading package lists...
Reading package lists...
Building dependency tree...
Reading state information...
build-essential is already the newest version (12.9ubuntu3).
pkg-config is already the newest version (0.29.2-1ubuntu3).
libboost-all-dev is already the newest version (1.74.0.3ubuntu7).
ninja-build is already the newest version (1.10.1-1).
ca-certificates is already the newest version (20260601~22.04.1).
cmake is already the newest version (3.22.1-1ubuntu1.22.04.2).
curl is already the newest version (7.81.0-1ubuntu1.26).
git is already the newest version (1:2.34.1-1ubuntu1.17).
jq is already the newest version (1.6-2.1ubuntu3.2).
rsync is already the newest version (3.2.7-0ubuntu0.22.04.7).
tmux is already the newest version (3.2a-4ubuntu0.2).
0 upgraded, 0 newly installed, 0 to remove and 119 not upgraded.
From /tmp/frontier-forge-phase7-1-14f03be.bundle
 * branch            14f03be64000efc539944fce91d9cb77153b1fa4 -> FETCH_HEAD
HEAD is now at 14f03be fix(bench): derive VM start from kernel epoch
Phase 7.1 host provisioned at /mnt/frontier-forge/repo; no security-group operation was performed
