Python 3.12 is already installed
Resolved 280 packages in 0.74ms
   Building frontier-forge @ file:///mnt/frontier-forge/repo
      Built frontier-forge @ file:///mnt/frontier-forge/repo
Prepared 1 package in 40.54s
Installed 1 package in 0.41ms
 + frontier-forge==0.1.0 (from file:///mnt/frontier-forge/repo)
Traceback (most recent call last):
  File "/mnt/frontier-forge/repo/.venv-phase4/lib/python3.12/site-packages/urllib3/connection.py", line 204, in _new_conn
    sock = connection.create_connection(
           ^^^^^^^^^^^^^^^^^^^^^^^^^^^^^
  File "/mnt/frontier-forge/repo/.venv-phase4/lib/python3.12/site-packages/urllib3/util/connection.py", line 85, in create_connection
    raise err
  File "/mnt/frontier-forge/repo/.venv-phase4/lib/python3.12/site-packages/urllib3/util/connection.py", line 73, in create_connection
    sock.connect(sa)
OSError: [Errno 101] Network is unreachable

The above exception was the direct cause of the following exception:

Traceback (most recent call last):
  File "/mnt/frontier-forge/repo/.venv-phase4/lib/python3.12/site-packages/urllib3/connectionpool.py", line 788, in urlopen
    response = self._make_request(
               ^^^^^^^^^^^^^^^^^^^
  File "/mnt/frontier-forge/repo/.venv-phase4/lib/python3.12/site-packages/urllib3/connectionpool.py", line 488, in _make_request
    raise new_e
  File "/mnt/frontier-forge/repo/.venv-phase4/lib/python3.12/site-packages/urllib3/connectionpool.py", line 464, in _make_request
    self._validate_conn(conn)
  File "/mnt/frontier-forge/repo/.venv-phase4/lib/python3.12/site-packages/urllib3/connectionpool.py", line 1106, in _validate_conn
    conn.connect()
  File "/mnt/frontier-forge/repo/.venv-phase4/lib/python3.12/site-packages/urllib3/connection.py", line 759, in connect
    self.sock = sock = self._new_conn()
                       ^^^^^^^^^^^^^^^^
  File "/mnt/frontier-forge/repo/.venv-phase4/lib/python3.12/site-packages/urllib3/connection.py", line 219, in _new_conn
    raise NewConnectionError(
urllib3.exceptions.NewConnectionError: HTTPSConnection(host='huggingface.co', port=443): Failed to establish a new connection: [Errno 101] Network is unreachable

The above exception was the direct cause of the following exception:

Traceback (most recent call last):
  File "/mnt/frontier-forge/repo/.venv-phase4/lib/python3.12/site-packages/requests/adapters.py", line 696, in send
    resp = conn.urlopen(
           ^^^^^^^^^^^^^
  File "/mnt/frontier-forge/repo/.venv-phase4/lib/python3.12/site-packages/urllib3/connectionpool.py", line 842, in urlopen
    retries = retries.increment(
              ^^^^^^^^^^^^^^^^^^
  File "/mnt/frontier-forge/repo/.venv-phase4/lib/python3.12/site-packages/urllib3/util/retry.py", line 543, in increment
    raise MaxRetryError(_pool, url, reason) from reason  # type: ignore[arg-type]
    ^^^^^^^^^^^^^^^^^^^^^^^^^^^^^^^^^^^^^^^^^^^^^^^^^^^
urllib3.exceptions.MaxRetryError: HTTPSConnectionPool(host='huggingface.co', port=443): Max retries exceeded with url: /api/models/Luciss007/frontier-forge-r1b/revision/fd4ae1e1989dcb1641a496bf796031491518983e (Caused by NewConnectionError("HTTPSConnection(host='huggingface.co', port=443): Failed to establish a new connection: [Errno 101] Network is unreachable"))

During handling of the above exception, another exception occurred:

Traceback (most recent call last):
  File "/mnt/frontier-forge/repo/.venv-phase4/lib/python3.12/site-packages/huggingface_hub/_snapshot_download.py", line 165, in snapshot_download
    repo_info = api.repo_info(repo_id=repo_id, repo_type=repo_type, revision=revision)
                ^^^^^^^^^^^^^^^^^^^^^^^^^^^^^^^^^^^^^^^^^^^^^^^^^^^^^^^^^^^^^^^^^^^^^^
  File "/mnt/frontier-forge/repo/.venv-phase4/lib/python3.12/site-packages/huggingface_hub/utils/_validators.py", line 114, in _inner_fn
    return fn(*args, **kwargs)
           ^^^^^^^^^^^^^^^^^^^
  File "/mnt/frontier-forge/repo/.venv-phase4/lib/python3.12/site-packages/huggingface_hub/hf_api.py", line 2867, in repo_info
    return method(
           ^^^^^^^
  File "/mnt/frontier-forge/repo/.venv-phase4/lib/python3.12/site-packages/huggingface_hub/utils/_validators.py", line 114, in _inner_fn
    return fn(*args, **kwargs)
           ^^^^^^^^^^^^^^^^^^^
  File "/mnt/frontier-forge/repo/.venv-phase4/lib/python3.12/site-packages/huggingface_hub/hf_api.py", line 2660, in model_info
    r = get_session().get(path, headers=headers, timeout=timeout, params=params)
        ^^^^^^^^^^^^^^^^^^^^^^^^^^^^^^^^^^^^^^^^^^^^^^^^^^^^^^^^^^^^^^^^^^^^^^^^
  File "/mnt/frontier-forge/repo/.venv-phase4/lib/python3.12/site-packages/requests/sessions.py", line 671, in get
    return self.request("GET", url, params=params, **kwargs)
           ^^^^^^^^^^^^^^^^^^^^^^^^^^^^^^^^^^^^^^^^^^^^^^^^^
  File "/mnt/frontier-forge/repo/.venv-phase4/lib/python3.12/site-packages/requests/sessions.py", line 651, in request
    resp = self.send(prep, **send_kwargs)
           ^^^^^^^^^^^^^^^^^^^^^^^^^^^^^^
  File "/mnt/frontier-forge/repo/.venv-phase4/lib/python3.12/site-packages/requests/sessions.py", line 784, in send
    r = adapter.send(request, **kwargs)
        ^^^^^^^^^^^^^^^^^^^^^^^^^^^^^^^
  File "/mnt/frontier-forge/repo/.venv-phase4/lib/python3.12/site-packages/huggingface_hub/utils/_http.py", line 96, in send
    return super().send(request, *args, **kwargs)
           ^^^^^^^^^^^^^^^^^^^^^^^^^^^^^^^^^^^^^^
  File "/mnt/frontier-forge/repo/.venv-phase4/lib/python3.12/site-packages/requests/adapters.py", line 729, in send
    raise ConnectionError(e, request=request)
requests.exceptions.ConnectionError: (MaxRetryError('HTTPSConnectionPool(host=\'huggingface.co\', port=443): Max retries exceeded with url: /api/models/Luciss007/frontier-forge-r1b/revision/fd4ae1e1989dcb1641a496bf796031491518983e (Caused by NewConnectionError("HTTPSConnection(host=\'huggingface.co\', port=443): Failed to establish a new connection: [Errno 101] Network is unreachable"))'), '(Request ID: 1054995f-4737-432e-878b-3a912f88007e)')

The above exception was the direct cause of the following exception:

Traceback (most recent call last):
  File "<stdin>", line 8, in <module>
  File "/mnt/frontier-forge/repo/.venv-phase4/lib/python3.12/site-packages/huggingface_hub/utils/_validators.py", line 114, in _inner_fn
    return fn(*args, **kwargs)
           ^^^^^^^^^^^^^^^^^^^
  File "/mnt/frontier-forge/repo/.venv-phase4/lib/python3.12/site-packages/huggingface_hub/_snapshot_download.py", line 248, in snapshot_download
    raise LocalEntryNotFoundError(
huggingface_hub.errors.LocalEntryNotFoundError: An error happened while trying to locate the files on the Hub and we cannot find the appropriate snapshot folder for the specified revision on the local disk. Please check your internet connection and try again.
