[
  {
    "backend": "trl",
    "budget": {
      "actual_gpu_hours": 0.04805555555555555,
      "ceiling_gpu_hours": 90.0,
      "planning_rate_usd_per_gpu_hour": 0.5,
      "projected_next_gpu_hours": 2.0,
      "projected_next_planning_usd": 1.0,
      "projected_total_gpu_hours": 2.0480555555555555
    },
    "config_hash": "5c9a3634985cc66ab7e2c6c1d79eba578326db18a30874e91f0e7754d12a4b76",
    "context_audit_status": "complete",
    "launch_code_tree_clean": true,
    "launch_hardware": {
      "cuda_version": "13.0",
      "name": "NVIDIA GeForce RTX 4090",
      "total_memory_bytes": 25250627584,
      "visible_device_count": 1
    },
    "mode": "full",
    "phase2_dataset_hash": "28733f8fefc91efbc6e2b24b85df9312e9054946ee6ca4c693f00133a1ac41e4",
    "prompt_sha256": "bf1d31236ece8abee77587b8652f42ef4afb5b65a54309d35e56646e420515c3",
    "rung": "r0",
    "seed": 0,
    "stage": "eval"
  }
]
Warning: You are sending unauthenticated requests to the HF Hub. Please set a HF_TOKEN to enable higher rate limits and faster downloads.
W0816 18:35:39.275000 12234 .venv/lib/python3.12/site-packages/torch/utils/_pytree.py:630] <enum 'KernelPreference'> is an Enum subclass and is now natively supported by torch.compile as an opaque value type. Calling register_constant() on Enum subclasses is deprecated and will be an error in a future release.
W0816 18:35:39.302000 12234 .venv/lib/python3.12/site-packages/torch/utils/_pytree.py:630] <enum 'ScaleCalculationMode'> is an Enum subclass and is now natively supported by torch.compile as an opaque value type. Calling register_constant() on Enum subclasses is deprecated and will be an error in a future release.
Fetching 2 files:   0%|          | 0/2 [00:00<?, ?it/s]Fetching 2 files:   0%|          | 0/2 [00:02<?, ?it/s]
Traceback (most recent call last):
  File "<frozen runpy>", line 198, in _run_module_as_main
  File "<frozen runpy>", line 88, in _run_code
  File "/root/autodl-tmp/frontier-forge/src/forge/train/evaluate.py", line 439, in <module>
    main()
  File "/root/autodl-tmp/frontier-forge/src/forge/train/evaluate.py", line 423, in main
    evaluate_one(
  File "/root/autodl-tmp/frontier-forge/src/forge/train/evaluate.py", line 339, in evaluate_one
    model = load_rung_model(config, seed=selected_seed, smoke=smoke, backend=backend)
            ^^^^^^^^^^^^^^^^^^^^^^^^^^^^^^^^^^^^^^^^^^^^^^^^^^^^^^^^^^^^^^^^^^^^^^^^^
  File "/root/autodl-tmp/frontier-forge/src/forge/train/runtime.py", line 211, in load_rung_model
    return load_base_model(config, smoke=smoke, for_training=False, quantized_training=False)
           ^^^^^^^^^^^^^^^^^^^^^^^^^^^^^^^^^^^^^^^^^^^^^^^^^^^^^^^^^^^^^^^^^^^^^^^^^^^^^^^^^^
  File "/root/autodl-tmp/frontier-forge/src/forge/train/runtime.py", line 124, in load_base_model
    model = model_class.from_pretrained(spec["id"], **kwargs)
            ^^^^^^^^^^^^^^^^^^^^^^^^^^^^^^^^^^^^^^^^^^^^^^^^^
  File "/root/autodl-tmp/frontier-forge/.venv/lib/python3.12/site-packages/transformers/models/auto/auto_factory.py", line 402, in from_pretrained
    return model_class.from_pretrained(
           ^^^^^^^^^^^^^^^^^^^^^^^^^^^^
  File "/root/autodl-tmp/frontier-forge/.venv/lib/python3.12/site-packages/transformers/modeling_utils.py", line 4248, in from_pretrained
    checkpoint_files, sharded_metadata = _get_resolved_checkpoint_files(
                                         ^^^^^^^^^^^^^^^^^^^^^^^^^^^^^^^
  File "/root/autodl-tmp/frontier-forge/.venv/lib/python3.12/site-packages/transformers/modeling_utils.py", line 796, in _get_resolved_checkpoint_files
    checkpoint_files, sharded_metadata = get_checkpoint_shard_files(
                                         ^^^^^^^^^^^^^^^^^^^^^^^^^^^
  File "/root/autodl-tmp/frontier-forge/.venv/lib/python3.12/site-packages/transformers/utils/hub.py", line 902, in get_checkpoint_shard_files
    cached_filenames = cached_files(
                       ^^^^^^^^^^^^^
  File "/root/autodl-tmp/frontier-forge/.venv/lib/python3.12/site-packages/transformers/utils/hub.py", line 535, in cached_files
    raise e
  File "/root/autodl-tmp/frontier-forge/.venv/lib/python3.12/site-packages/transformers/utils/hub.py", line 453, in cached_files
    snapshot_download(
  File "/root/autodl-tmp/frontier-forge/.venv/lib/python3.12/site-packages/huggingface_hub/utils/_validators.py", line 88, in _inner_fn
    return fn(*args, **kwargs)
           ^^^^^^^^^^^^^^^^^^^
  File "/root/autodl-tmp/frontier-forge/.venv/lib/python3.12/site-packages/huggingface_hub/_snapshot_download.py", line 522, in snapshot_download
    hf_thread_map(
  File "/root/autodl-tmp/frontier-forge/.venv/lib/python3.12/site-packages/huggingface_hub/utils/tqdm.py", line 441, in hf_thread_map
    results[future_to_index[future]] = future.result()
                                       ^^^^^^^^^^^^^^^
  File "/root/.local/share/uv/python/cpython-3.12.14-linux-x86_64-gnu/lib/python3.12/concurrent/futures/_base.py", line 449, in result
    return self.__get_result()
           ^^^^^^^^^^^^^^^^^^^
  File "/root/.local/share/uv/python/cpython-3.12.14-linux-x86_64-gnu/lib/python3.12/concurrent/futures/_base.py", line 401, in __get_result
    raise self._exception
  File "/root/.local/share/uv/python/cpython-3.12.14-linux-x86_64-gnu/lib/python3.12/concurrent/futures/thread.py", line 59, in run
    result = self.fn(*self.args, **self.kwargs)
             ^^^^^^^^^^^^^^^^^^^^^^^^^^^^^^^^^^
  File "/root/autodl-tmp/frontier-forge/.venv/lib/python3.12/site-packages/huggingface_hub/_snapshot_download.py", line 502, in _inner_hf_hub_download
    hf_hub_download(  # type: ignore
  File "/root/autodl-tmp/frontier-forge/.venv/lib/python3.12/site-packages/huggingface_hub/utils/_validators.py", line 88, in _inner_fn
    return fn(*args, **kwargs)
           ^^^^^^^^^^^^^^^^^^^
  File "/root/autodl-tmp/frontier-forge/.venv/lib/python3.12/site-packages/huggingface_hub/file_download.py", line 1019, in hf_hub_download
    return _hf_hub_download_to_cache_dir(
           ^^^^^^^^^^^^^^^^^^^^^^^^^^^^^^
  File "/root/autodl-tmp/frontier-forge/.venv/lib/python3.12/site-packages/huggingface_hub/file_download.py", line 1242, in _hf_hub_download_to_cache_dir
    _download_to_tmp_and_move(
  File "/root/autodl-tmp/frontier-forge/.venv/lib/python3.12/site-packages/huggingface_hub/file_download.py", line 1960, in _download_to_tmp_and_move
    xet_get(
  File "/root/autodl-tmp/frontier-forge/.venv/lib/python3.12/site-packages/huggingface_hub/file_download.py", line 565, in xet_get
    with session.new_file_download_group(
         ^^^^^^^^^^^^^^^^^^^^^^^^^^^^^^^^
RuntimeError: Task error: File reconstruction error: CAS Client Error: Request error: HTTP status client error (401 Unauthorized), domain: https://cas-server.xethub.hf.co/v2/reconstructions/712a985dcc18e3ba16651d5bfb56e9fc2a16a489e1fb66341edb030888c6550d
recorded failed GPU attempt: failed_4bf236eb91be22c65963 (0.004h)
